#
# There is insufficient memory for the Java Runtime Environment to continue.
# Native memory allocation (mmap) failed to map 266338304 bytes. Error detail: G1 virtual space
# Possible reasons:
#   The system is out of physical RAM or swap space
#   This process is running with CompressedOops enabled, and the Java Heap may be blocking the growth of the native heap
# Possible solutions:
#   Reduce memory load on the system
#   Increase physical memory or swap space
#   Check if swap backing store is full
#   Decrease Java heap size (-Xmx/-Xms)
#   Decrease number of Java threads
#   Decrease Java thread stack sizes (-Xss)
#   Set larger code cache with -XX:ReservedCodeCacheSize=
#   JVM is running with Zero Based Compressed Oops mode in which the Java heap is
#     placed in the first 32GB address space. The Java Heap base address is the
#     maximum limit for the native heap growth. Please use -XX:HeapBaseMinAddress
#     to set the Java Heap base and to place the Java Heap above 32GB virtual address.
# This output file may be truncated or incomplete.
#
#  Out of Memory Error (os_windows.cpp:3631), pid=11940, tid=11052
#
# JRE version:  (22.0.2+9) (build )
# Java VM: Java HotSpot(TM) 64-Bit Server VM (22.0.2+9-70, mixed mode, sharing, tiered, compressed oops, compressed class ptrs, g1 gc, windows-amd64)
# No core dump will be written. Minidumps are not enabled by default on client versions of Windows
#

---------------  S U M M A R Y ------------

Command Line: -Dfile.encoding=UTF-8 --module-path=D:\User\Documents\kuliah\semester4\pemrograman_desktop\project\toko_buku\UAS_pemrogramanDesktop_tubes\build\classes com.toko_buku.ui.menu_utama

Host: Intel(R) Core(TM) i5-1035G7 CPU @ 1.20GHz, 8 cores, 15G,  Windows 11 , 64 bit Build 22621 (10.0.22621.5124)
Time: Wed Apr 30 07:49:46 2025 SE Asia Standard Time elapsed time: 0.016844 seconds (0d 0h 0m 0s)

---------------  T H R E A D  ---------------

Current thread (0x00000206fbec3fe0):  JavaThread "Unknown thread" [_thread_in_vm, id=11052, stack(0x000000d3d2700000,0x000000d3d2800000) (1024K)]

Stack: [0x000000d3d2700000,0x000000d3d2800000]
Native frames: (J=compiled Java code, j=interpreted, Vv=VM code, C=native code)
V  [jvm.dll+0x6e26e9]  (no source info available)
V  [jvm.dll+0x875753]  (no source info available)
V  [jvm.dll+0x877b7e]  (no source info available)
V  [jvm.dll+0x878253]  (no source info available)
V  [jvm.dll+0x27fc86]  (no source info available)
V  [jvm.dll+0x6ded85]  (no source info available)
V  [jvm.dll+0x6d388a]  (no source info available)
V  [jvm.dll+0x358b8a]  (no source info available)
V  [jvm.dll+0x3610b6]  (no source info available)
V  [jvm.dll+0x3b419e]  (no source info available)
V  [jvm.dll+0x3b4448]  (no source info available)
V  [jvm.dll+0x32c5ec]  (no source info available)
V  [jvm.dll+0x32d258]  (no source info available)
V  [jvm.dll+0x83d5ac]  (no source info available)
V  [jvm.dll+0x3c10d1]  (no source info available)
V  [jvm.dll+0x8264cc]  (no source info available)
V  [jvm.dll+0x45bd5e]  (no source info available)
V  [jvm.dll+0x45dbe1]  (no source info available)
C  [jli.dll+0x52a3]  (no source info available)
C  [ucrtbase.dll+0x29333]  (no source info available)
C  [KERNEL32.DLL+0x1259d]  (no source info available)
C  [ntdll.dll+0x5af38]  (no source info available)


---------------  P R O C E S S  ---------------

Threads class SMR info:
_java_thread_list=0x00007ff8911ec1c8, length=0, elements={
}

Java Threads: ( => current thread )
Total: 0

Other Threads:
  0x00000206fe0b2e10 WorkerThread "GC Thread#0"                     [id=10328, stack(0x000000d3d2800000,0x000000d3d2900000) (1024K)]
  0x00000206fe0c4c00 ConcurrentGCThread "G1 Main Marker"            [id=9644, stack(0x000000d3d2900000,0x000000d3d2a00000) (1024K)]
  0x00000206fe0c5710 WorkerThread "G1 Conc#0"                       [id=1152, stack(0x000000d3d2a00000,0x000000d3d2b00000) (1024K)]

[error occurred during error reporting (printing all threads), id 0xc0000005, EXCEPTION_ACCESS_VIOLATION (0xc0000005) at pc=0x00007ff89093f517]
VM state: not at safepoint (not fully initialized)

VM Mutex/Monitor currently owned by a thread:  ([mutex/lock_event])
[0x00007ff89126cc80] Heap_lock - owner thread: 0x00000206fbec3fe0

Heap address: 0x0000000703c00000, size: 4036 MB, Compressed Oops mode: Zero based, Oop shift amount: 3

CDS archive(s) mapped at: [0x0000000000000000-0x0000000000000000-0x0000000000000000), size 0, SharedBaseAddress: 0x0000000800000000, ArchiveRelocationMode: 1.
Narrow klass base: 0x0000000000000000, Narrow klass shift: 0, Narrow klass range: 0x0

GC Precious Log:
 CardTable entry size: 512
 Card Set container configuration: InlinePtr #cards 4 size 8 Array Of Cards #cards 16 size 48 Howl #buckets 8 coarsen threshold 3686 Howl Bitmap #cards 512 size 80 coarsen threshold 460 Card regions per heap region 1 cards per card region 4096

Heap:
 garbage-first heap   total reserved 4132864K, committed 0K, used 0K [0x0000000703c00000, 0x0000000800000000)
  region size 2048K, 0 young (0K), 0 survivors (0K)

[error occurred during error reporting (printing heap information), id 0xc0000005, EXCEPTION_ACCESS_VIOLATION (0xc0000005) at pc=0x00007ff890d3e869]
GC Heap History (0 events):
No events

Dll operation events (1 events):
Event: 0.009 Loaded shared library C:\Program Files\Java\jdk-22\bin\java.dll

Deoptimization events (0 events):
No events

Classes loaded (0 events):
No events

Classes unloaded (0 events):
No events

Classes redefined (0 events):
No events

Internal exceptions (0 events):
No events

ZGC Phase Switch (0 events):
No events

VM Operations (0 events):
No events

Memory protections (0 events):
No events

Nmethod flushes (0 events):
No events

Events (0 events):
No events


Dynamic libraries:
0x00007ff659f50000 - 0x00007ff659f60000 	C:\Program Files\Java\jdk-22\bin\java.exe
0x00007ff91f4f0000 - 0x00007ff91f707000 	C:\WINDOWS\SYSTEM32\ntdll.dll
0x00007ff91df40000 - 0x00007ff91e004000 	C:\WINDOWS\System32\KERNEL32.DLL
0x00007ff91cc70000 - 0x00007ff91d043000 	C:\WINDOWS\System32\KERNELBASE.dll
0x00007ff91c980000 - 0x00007ff91ca91000 	C:\WINDOWS\System32\ucrtbase.dll
0x00007ff9183f0000 - 0x00007ff918407000 	C:\Program Files\Java\jdk-22\bin\jli.dll
0x00007ff8cbdb0000 - 0x00007ff8cbdcb000 	C:\Program Files\Java\jdk-22\bin\VCRUNTIME140.dll
0x00007ff91dc10000 - 0x00007ff91ddc1000 	C:\WINDOWS\System32\USER32.dll
0x00007ff91cc40000 - 0x00007ff91cc66000 	C:\WINDOWS\System32\win32u.dll
0x00007ff902c60000 - 0x00007ff902ef8000 	C:\WINDOWS\WinSxS\amd64_microsoft.windows.common-controls_6595b64144ccf1df_6.0.22621.5124_none_270e8f4f7386d69d\COMCTL32.dll
0x00007ff91e0c0000 - 0x00007ff91e0e9000 	C:\WINDOWS\System32\GDI32.dll
0x00007ff91c7c0000 - 0x00007ff91c8db000 	C:\WINDOWS\System32\gdi32full.dll
0x00007ff91e010000 - 0x00007ff91e0b7000 	C:\WINDOWS\System32\msvcrt.dll
0x00007ff91c8e0000 - 0x00007ff91c97a000 	C:\WINDOWS\System32\msvcp_win.dll
0x00007ff91d630000 - 0x00007ff91d661000 	C:\WINDOWS\System32\IMM32.DLL
0x00007ff90bca0000 - 0x00007ff90bcac000 	C:\Program Files\Java\jdk-22\bin\vcruntime140_1.dll
0x00007ff8b5ef0000 - 0x00007ff8b5f7e000 	C:\Program Files\Java\jdk-22\bin\msvcp140.dll
0x00007ff890600000 - 0x00007ff891349000 	C:\Program Files\Java\jdk-22\bin\server\jvm.dll
0x00007ff91d430000 - 0x00007ff91d4e1000 	C:\WINDOWS\System32\ADVAPI32.dll
0x00007ff91d190000 - 0x00007ff91d238000 	C:\WINDOWS\System32\sechost.dll
0x00007ff91caa0000 - 0x00007ff91cac8000 	C:\WINDOWS\System32\bcrypt.dll
0x00007ff91daf0000 - 0x00007ff91dc04000 	C:\WINDOWS\System32\RPCRT4.dll
0x00007ff91ef60000 - 0x00007ff91efd1000 	C:\WINDOWS\System32\WS2_32.dll
0x00007ff91c4d0000 - 0x00007ff91c51d000 	C:\WINDOWS\SYSTEM32\POWRPROF.dll
0x00007ff917da0000 - 0x00007ff917dd4000 	C:\WINDOWS\SYSTEM32\WINMM.dll
0x00007ff9184c0000 - 0x00007ff9184ca000 	C:\WINDOWS\SYSTEM32\VERSION.dll
0x00007ff91c4b0000 - 0x00007ff91c4c3000 	C:\WINDOWS\SYSTEM32\UMPDC.dll
0x00007ff91b5f0000 - 0x00007ff91b608000 	C:\WINDOWS\SYSTEM32\kernel.appcore.dll
0x00007ff8fd280000 - 0x00007ff8fd28a000 	C:\Program Files\Java\jdk-22\bin\jimage.dll
0x00007ff919fe0000 - 0x00007ff91a212000 	C:\WINDOWS\SYSTEM32\DBGHELP.DLL
0x00007ff91f050000 - 0x00007ff91f3e2000 	C:\WINDOWS\System32\combase.dll
0x00007ff91e0f0000 - 0x00007ff91e1c7000 	C:\WINDOWS\System32\OLEAUT32.dll
0x00007ff907c00000 - 0x00007ff907c32000 	C:\WINDOWS\SYSTEM32\dbgcore.DLL
0x00007ff91c680000 - 0x00007ff91c6fb000 	C:\WINDOWS\System32\bcryptPrimitives.dll
0x00007ff8caff0000 - 0x00007ff8cb00e000 	C:\Program Files\Java\jdk-22\bin\java.dll
0x00007ff91e5b0000 - 0x00007ff91ee46000 	C:\WINDOWS\System32\SHELL32.dll
0x00007ff91d050000 - 0x00007ff91d18f000 	C:\WINDOWS\System32\wintypes.dll
0x00007ff91e400000 - 0x00007ff91e5a1000 	C:\WINDOWS\System32\ole32.dll

dbghelp: loaded successfully - version: 4.0.5 - missing functions: none
symbol engine: initialized successfully - sym options: 0x614 - pdb path: .;C:\Program Files\Java\jdk-22\bin;C:\WINDOWS\SYSTEM32;C:\WINDOWS\WinSxS\amd64_microsoft.windows.common-controls_6595b64144ccf1df_6.0.22621.5124_none_270e8f4f7386d69d;C:\Program Files\Java\jdk-22\bin\server

VM Arguments:
jvm_args: -Dfile.encoding=UTF-8 --module-path=D:\User\Documents\kuliah\semester4\pemrograman_desktop\project\toko_buku\UAS_pemrogramanDesktop_tubes\build\classes 
java_command: com.toko_buku.ui.menu_utama
java_class_path (initial): D:\User\Documents\kuliah\semester4\pemrograman_desktop\project\toko_buku\UAS_pemrogramanDesktop_tubes\build\classes
Launcher Type: SUN_STANDARD

[Global flags]
     intx CICompilerCount                          = 4                                         {product} {ergonomic}
     uint ConcGCThreads                            = 2                                         {product} {ergonomic}
     uint G1ConcRefinementThreads                  = 8                                         {product} {ergonomic}
   size_t G1HeapRegionSize                         = 2097152                                   {product} {ergonomic}
   size_t InitialHeapSize                          = 266338304                                 {product} {ergonomic}
   size_t MarkStackSize                            = 4194304                                   {product} {ergonomic}
   size_t MaxHeapSize                              = 4232052736                                {product} {ergonomic}
   size_t MinHeapDeltaBytes                        = 2097152                                   {product} {ergonomic}
   size_t MinHeapSize                              = 8388608                                   {product} {ergonomic}
    uintx NonNMethodCodeHeapSize                   = 5839372                                {pd product} {ergonomic}
    uintx NonProfiledCodeHeapSize                  = 122909434                              {pd product} {ergonomic}
    uintx ProfiledCodeHeapSize                     = 122909434                              {pd product} {ergonomic}
    uintx ReservedCodeCacheSize                    = 251658240                              {pd product} {ergonomic}
     bool SegmentedCodeCache                       = true                                      {product} {ergonomic}
   size_t SoftMaxHeapSize                          = 4232052736                             {manageable} {ergonomic}
     bool UseCompressedOops                        = true                           {product lp64_product} {ergonomic}
     bool UseG1GC                                  = true                                      {product} {ergonomic}
     bool UseLargePagesIndividualAllocation        = false                                  {pd product} {ergonomic}

Logging:
Log output configuration:
 #0: stdout all=warning uptime,level,tags foldmultilines=false
 #1: stderr all=off uptime,level,tags foldmultilines=false

Environment Variables:
JAVA_HOME=C:\Program Files\Java\jdk-22\bin
PATH=C:\Program Files (x86)\NVIDIA Corporation\PhysX\Common;c:\Users\rifki\AppData\Local\Programs\cursor\resources\app\bin;C:\Program Files\Common Files\Oracle\Java\javapath;C:\Program Files (x86)\Common Files\Oracle\Java\java8path;C:\Program Files (x86)\Common Files\Oracle\Java\javapath;C:\WINDOWS\system32;C:\WINDOWS;C:\WINDOWS\System32\Wbem;C:\WINDOWS\System32\WindowsPowerShell\v1.0\;C:\WINDOWS\System32\OpenSSH\;D:\Program File\Installed Program File\qemu;C:\Program Files\MySQL\MySQL Server 8.0\bin;D:\Program File\Installed Program File\GTK-for-Windows-Runtime-Environment-Installer-master\gtk-nsis-pack\bin;C:\Program Files\Git\cmd;C:\Users\rifki\AppData\Local\Programs\Python\Python313\;C:\Users\rifki\AppData\Local\Programs\Python\Python313\Scripts\;D:\Program File\Installed Program File\sql_lite3;C:\Program Files\dotnet\;C:\laragon\bin\php\php-8.1.10-Win32-vs16-x64;C:\laragon\bin;C:\laragon\bin\apache\httpd-2.4.54-win64-VS16\bin;C:\laragon\bin\composer;C:\laragon\bin\git\bin;C:\laragon\bin\git\cmd;C:\laragon\bin\git\mingw64\bin;C:\laragon\bin\git\;C:\Program Files\PostgreSQL\17\bin;C:\Program Files\PowerShell\7\;C:\Program Files\Java\jdk-22\bin;C:\laragon\bin;C:\laragon\bin\apache\httpd-2.4.54-win64-VS16\bin;C:\laragon\bin\composer;C:\laragon\bin\git\bin;C:\laragon\bin\git\cmd;C:\laragon\bin\git\mingw64\bin;C:\laragon\bin\git\usr\bin;C:\laragon\bin\laragon\utils;C:\laragon\bin\mysql\mysql-8.0.30-winx64\bin;C:\laragon\bin\nginx\nginx-1.22.0;C:\laragon\bin\ngrok;C:\laragon\bin\nodejs\node-v18;C:\laragon\bin\notepad++;C:\laragon\bin\php\php-8.1.10-Win32-vs16-x64;C:\laragon\bin\python\python-3.10;C:\laragon\bin\python\python-3.10\Scripts;C:\laragon\bin\redis\redis-x64-5.0.14.1;C:\laragon\bin\telnet;C:\laragon\usr\bin;C:\Users\rifki\AppData\Local\Yarn\config\global\node_modules\.bin;C:\Users\rifki\AppData\Roaming\Composer\vendor\bin;C:\Users\rifki\AppData\Roaming\npm;C:\Users\rifki\scoop\shims;C:\Users\rifki\AppData\Local\Programs\Python\Python313\Scripts\;C:\Users\rifki\AppData\Local\Programs\Python\Python313\;C:\Users\rifki\AppData\Local\Microsoft\WindowsApps;C:\Users\rifki\AppData\Local\Programs\Microsoft VS Code\bin;D:\Program File\Installed Program File\qemu;D:\Program File\Installed Program File\GTK-for-Windows-Runtime-Environment-Installer-master\gtk-nsis-pack\bin;C:\Program Files\PostgreSQL\17\bin;
USERNAME=rifki
OS=Windows_NT
PROCESSOR_IDENTIFIER=Intel64 Family 6 Model 126 Stepping 5, GenuineIntel
TMP=C:\Users\rifki\AppData\Local\Temp
TEMP=C:\Users\rifki\AppData\Local\Temp




Periodic native trim disabled

---------------  S Y S T E M  ---------------

OS:
 Windows 11 , 64 bit Build 22621 (10.0.22621.5124)
OS uptime: 0 days 1:46 hours
Hyper-V role detected

CPU: total 8 (initial active 8) (4 cores per cpu, 2 threads per core) family 6 model 126 stepping 5 microcode 0x86, cx8, cmov, fxsr, ht, mmx, 3dnowpref, sse, sse2, sse3, ssse3, sse4.1, sse4.2, popcnt, lzcnt, tsc, tscinvbit, avx, avx2, aes, erms, clmul, bmi1, bmi2, adx, avx512f, avx512dq, avx512cd, avx512bw, avx512vl, sha, fma, vzeroupper, avx512_vpopcntdq, avx512_vpclmulqdq, avx512_vaes, avx512_vnni, clflush, clflushopt, avx512_vbmi2, avx512_vbmi, hv, rdtscp, rdpid, fsrm, gfni, avx512_bitalg, f16c, avx512_ifma
Processor Information for processor 0
  Max Mhz: 1501, Current Mhz: 1000, Mhz Limit: 1185
Processor Information for processor 1
  Max Mhz: 1501, Current Mhz: 1000, Mhz Limit: 1185
Processor Information for processor 2
  Max Mhz: 1501, Current Mhz: 1000, Mhz Limit: 1185
Processor Information for processor 3
  Max Mhz: 1501, Current Mhz: 1000, Mhz Limit: 1185
Processor Information for processor 4
  Max Mhz: 1501, Current Mhz: 1200, Mhz Limit: 1185
Processor Information for processor 5
  Max Mhz: 1501, Current Mhz: 1000, Mhz Limit: 1185
Processor Information for processor 6
  Max Mhz: 1501, Current Mhz: 1000, Mhz Limit: 1185
Processor Information for processor 7
  Max Mhz: 1501, Current Mhz: 1000, Mhz Limit: 1185

Memory: 4k page, system-wide physical 16138M (2926M free)
TotalPageFile size 16138M (AvailPageFile size 16M)
current process WorkingSet (physical memory assigned to process): 12M, peak: 12M
current process commit charge ("private bytes"): 61M, peak: 314M

vm_info: Java HotSpot(TM) 64-Bit Server VM (22.0.2+9-70) for windows-amd64 JRE (22.0.2+9-70), built on 2024-06-04T16:52:23Z by "mach5one" with MS VC++ 17.6 (VS2022)

END.
